<html>
<body>
<pre>
<h1>µVision Build Log</h1>
<h2>Tool Versions:</h2>
IDE-Version: •ÏVision V5.21.1.0
Copyright (C) 2016 ARM Ltd and ARM Germany GmbH. All rights reserved.
License Information: Kyuwon Jeong, Shico, LIC=----
 
Tool Versions:
Toolchain:       MDK-Lite  Version: 5.21a
Toolchain Path:  C:\Keil_v5\ARM\ARMCC\Bin
C Compiler:      Armcc.exe V5.06 update 3 (build 300)
Assembler:       Armasm.exe V5.06 update 3 (build 300)
Linker/Locator:  ArmLink.exe V5.06 update 3 (build 300)
Library Manager: ArmAr.exe V5.06 update 3 (build 300)
Hex Converter:   FromElf.exe V5.06 update 3 (build 300)
CPU DLL:         SARMCM3.DLL V5.21a
Dialog DLL:      DCM.DLL V1.13.8.0
Target DLL:      CMSIS_AGDI.dll V1.26.5.0
Dialog DLL:      TCM.DLL V1.14.14.0
 
<h2>Project:</h2>
D:\Projects\ARM\KeilTest\test.uvprojx
Project File Date:  09/05/2016

<h2>Output:</h2>
*** Using Compiler 'V5.06 update 3 (build 300)', folder: 'C:\Keil_v5\ARM\ARMCC\Bin'
Rebuild target 'Target 1'
compiling GPIOTEST.c...
compiling ADuCM360_Regs.c...
compiling main.c...
main.c(62): warning:  #111-D: statement is unreachable
  			return 1;
main.c(63): warning:  #1-D: last line of file ends without a newline
  }
main.c: 2 warnings, 0 errors
assembling startup_ADuCM360.s...
compiling system_ADuCM360.c...
linking...
Program Size: Code=808 RO-data=256 RW-data=188 ZI-data=1636  
FromELF: creating hex file...
".\Objects\test.axf" - 0 Error(s), 2 Warning(s).

<h2>Software Packages used:</h2>

Package Vendor: AnalogDevices
                http://www.analog.com/media/en/engineering-tools/design-tools/AnalogDevices.ADuCM36x_DFP.1.0.1.pack
                AnalogDevices::Device:Startup:1.0.0
                Analog Devices ADuCM36x Device Support and Examples
   * Component: Startup Version: 1.0.0

Package Vendor: ARM
                http://www.keil.com/pack/ARM.CMSIS.5.0.0-Beta4.pack
                ARM::CMSIS:CORE:5.0.0
                CMSIS (Cortex Microcontroller Software Interface Standard)
   * Component: CORE Version: 5.0.0

<h2>Collection of Component include folders:</h2>
  D:\Projects\ARM\KeilTest\RTE
  C:\Keil_v5\ARM\PACK\ARM\CMSIS\5.0.0-Beta4\CMSIS\Include
  C:\Keil_v5\ARM\PACK\AnalogDevices\ADuCM36x_DFP\1.0.1\Device\Include

<h2>Collection of Component Files used:</h2>

   * Component: AnalogDevices::Device:Startup:1.0.0
      Source file:   Device\Source\system_ADuCM360.c
      Source file:   Device\Source\startup_ADuCM360.s

   * Component: ARM::CMSIS:CORE:5.0.0
Build Time Elapsed:  00:00:01
</pre>
</body>
</html>
