Component: ARM Compiler 5.06 update 3 (build 300) Tool: armlink [4d35c9]

==============================================================================

Section Cross References

    main.o(i.main) refers to jongsulib_v2.o(i.puts) for puts
    main.o(i.main) refers to jongsulib_v2.o(i.gets) for gets
    main.o(i.main) refers to jongsulib_v2.o(i.MemoryDump) for MemoryDump
    main.o(i.main) refers to jongsulib_v2.o(i.MemorySet) for MemorySet
    main.o(i.main) refers to jongsulib_v2.o(i.hextoint) for hextoint
    main.o(i.main) refers to main.o(i.menu_display) for menu_display
    main.o(i.main) refers to aducm360_regs.o(.data) for pT3CON
    main.o(i.menu_display) refers to jongsulib_v2.o(i.puts) for puts
    main.o(i.menu_display) refers to main.o(.conststring) for .conststring
    jongsulib_v2.o(i.DispMemData) refers to jongsulib_v2.o(i.printf) for printf
    jongsulib_v2.o(i.MemoryDump) refers to strchr.o(.text) for strchr
    jongsulib_v2.o(i.MemoryDump) refers to tolower.o(.text) for tolower
    jongsulib_v2.o(i.MemoryDump) refers to jongsulib_v2.o(i.stoi) for stoi
    jongsulib_v2.o(i.MemoryDump) refers to strcpy.o(.text) for strcpy
    jongsulib_v2.o(i.MemoryDump) refers to atoi.o(.text) for atoi
    jongsulib_v2.o(i.MemoryDump) refers to jongsulib_v2.o(i.DispMemData) for DispMemData
    jongsulib_v2.o(i.MemorySet) refers to strchr.o(.text) for strchr
    jongsulib_v2.o(i.MemorySet) refers to tolower.o(.text) for tolower
    jongsulib_v2.o(i.MemorySet) refers to jongsulib_v2.o(i.stoi) for stoi
    jongsulib_v2.o(i.MemorySet) refers to strcpy.o(.text) for strcpy
    jongsulib_v2.o(i.MemorySet) refers to atoi.o(.text) for atoi
    jongsulib_v2.o(i.MemorySet) refers to jongsulib_v2.o(i.write_reg) for write_reg
    jongsulib_v2.o(i.do_div) refers to jongsulib_v2.o(i.unsigned_divide) for unsigned_divide
    jongsulib_v2.o(i.getc) refers to jongsulib_v2.o(.data) for ucWaitForUart
    jongsulib_v2.o(i.gets) refers to jongsulib_v2.o(i.getc) for getc
    jongsulib_v2.o(i.gets) refers to jongsulib_v2.o(i.putc) for putc
    jongsulib_v2.o(i.gets) refers to jongsulib_v2.o(i.puts) for puts
    jongsulib_v2.o(i.number) refers to jongsulib_v2.o(i.do_div) for do_div
    jongsulib_v2.o(i.poll_on_reset) refers to jongsulib_v2.o(i.get_bit) for get_bit
    jongsulib_v2.o(i.printf) refers to jongsulib_v2.o(i.sprintf) for sprintf
    jongsulib_v2.o(i.printf) refers to jongsulib_v2.o(i.puts) for puts
    jongsulib_v2.o(i.putc) refers to jongsulib_v2.o(.data) for ucTxBufferEmpty
    jongsulib_v2.o(i.putc) refers to aducm360_regs.o(.data) for pCOMTX_RX
    jongsulib_v2.o(i.puts) refers to jongsulib_v2.o(i.putc) for putc
    jongsulib_v2.o(i.read_mask) refers to jongsulib_v2.o(i.read_reg) for read_reg
    jongsulib_v2.o(i.sprintf) refers to jongsulib_v2.o(i.number) for number
    jongsulib_v2.o(i.stoi) refers to rt_memclr_w.o(.text) for __aeabi_memclr4
    jongsulib_v2.o(i.stoi) refers to strlen.o(.text) for strlen
    jongsulib_v2.o(i.write_mask) refers to jongsulib_v2.o(i.read_reg) for read_reg
    jongsulib_v2.o(i.write_mask) refers to jongsulib_v2.o(i.write_reg) for write_reg
    startup_aducm360.o(STACK) refers (Special) to heapauxi.o(.text) for __use_two_region_memory
    startup_aducm360.o(HEAP) refers (Special) to heapauxi.o(.text) for __use_two_region_memory
    startup_aducm360.o(RESET) refers (Special) to heapauxi.o(.text) for __use_two_region_memory
    startup_aducm360.o(RESET) refers to startup_aducm360.o(STACK) for __initial_sp
    startup_aducm360.o(RESET) refers to startup_aducm360.o(.text) for Reset_Handler
    startup_aducm360.o(.text) refers (Special) to heapauxi.o(.text) for __use_two_region_memory
    startup_aducm360.o(.text) refers to system_aducm360.o(i.SystemInit) for SystemInit
    startup_aducm360.o(.text) refers to __main.o(!!!main) for __main
    startup_aducm360.o(.text) refers to startup_aducm360.o(HEAP) for Heap_Mem
    startup_aducm360.o(.text) refers to startup_aducm360.o(STACK) for Stack_Mem
    system_aducm360.o(i.SystemCoreClockUpdate) refers to system_aducm360.o(.data) for SystemCoreClock
    tolower.o(.text) refers to rt_ctype_table.o(.text) for __rt_ctype_table
    atoi.o(.text) refers to rt_errno_addr_intlibspace.o(.text) for __aeabi_errno_addr
    atoi.o(.text) refers to strtol.o(.text) for strtol
    __main.o(!!!main) refers to __rtentry.o(.ARM.Collect$$rtentry$$00000000) for __rt_entry
    __rtentry.o(.ARM.Collect$$rtentry$$00000000) refers (Special) to __rtentry2.o(.ARM.Collect$$rtentry$$0000000A) for __rt_entry_li
    __rtentry.o(.ARM.Collect$$rtentry$$00000000) refers (Special) to __rtentry2.o(.ARM.Collect$$rtentry$$0000000D) for __rt_entry_main
    __rtentry.o(.ARM.Collect$$rtentry$$00000000) refers (Special) to __rtentry2.o(.ARM.Collect$$rtentry$$0000000C) for __rt_entry_postli_1
    __rtentry.o(.ARM.Collect$$rtentry$$00000000) refers (Special) to __rtentry2.o(.ARM.Collect$$rtentry$$00000009) for __rt_entry_postsh_1
    __rtentry.o(.ARM.Collect$$rtentry$$00000000) refers (Special) to __rtentry2.o(.ARM.Collect$$rtentry$$00000002) for __rt_entry_presh_1
    __rtentry.o(.ARM.Collect$$rtentry$$00000000) refers (Special) to __rtentry4.o(.ARM.Collect$$rtentry$$00000004) for __rt_entry_sh
    rt_ctype_table.o(.text) refers to rt_locale_intlibspace.o(.text) for __rt_locale
    rt_ctype_table.o(.text) refers to lc_ctype_c.o(locale$$code) for _get_lc_ctype
    rt_errno_addr.o(.text) refers to rt_errno_addr.o(.bss) for __aeabi_errno_addr_data
    rt_errno_addr_intlibspace.o(.text) refers to libspace.o(.bss) for __libspace_start
    strtol.o(.text) refers to rt_ctype_table.o(.text) for __rt_ctype_table
    strtol.o(.text) refers to _strtoul.o(.text) for _strtoul
    strtol.o(.text) refers to rt_errno_addr_intlibspace.o(.text) for __aeabi_errno_addr
    libspace.o(.text) refers to libspace.o(.bss) for __libspace_start
    __rtentry2.o(.ARM.Collect$$rtentry$$00000008) refers to boardinit2.o(.text) for _platform_post_stackheap_init
    __rtentry2.o(.ARM.Collect$$rtentry$$0000000A) refers to libinit.o(.ARM.Collect$$libinit$$00000000) for __rt_lib_init
    __rtentry2.o(.ARM.Collect$$rtentry$$0000000B) refers to boardinit3.o(.text) for _platform_post_lib_init
    __rtentry2.o(.ARM.Collect$$rtentry$$0000000D) refers to main.o(i.main) for main
    __rtentry2.o(.ARM.Collect$$rtentry$$0000000D) refers to exit.o(.text) for exit
    __rtentry2.o(.ARM.exidx) refers to __rtentry2.o(.ARM.Collect$$rtentry$$00000001) for .ARM.Collect$$rtentry$$00000001
    __rtentry2.o(.ARM.exidx) refers to __rtentry2.o(.ARM.Collect$$rtentry$$00000008) for .ARM.Collect$$rtentry$$00000008
    __rtentry2.o(.ARM.exidx) refers to __rtentry2.o(.ARM.Collect$$rtentry$$0000000A) for .ARM.Collect$$rtentry$$0000000A
    __rtentry2.o(.ARM.exidx) refers to __rtentry2.o(.ARM.Collect$$rtentry$$0000000B) for .ARM.Collect$$rtentry$$0000000B
    __rtentry2.o(.ARM.exidx) refers to __rtentry2.o(.ARM.Collect$$rtentry$$0000000D) for .ARM.Collect$$rtentry$$0000000D
    __rtentry4.o(.ARM.Collect$$rtentry$$00000004) refers to sys_stackheap_outer.o(.text) for __user_setup_stackheap
    __rtentry4.o(.ARM.exidx) refers to __rtentry4.o(.ARM.Collect$$rtentry$$00000004) for .ARM.Collect$$rtentry$$00000004
    rt_locale.o(.text) refers to rt_locale.o(.bss) for __rt_locale_data
    rt_locale_intlibspace.o(.text) refers to libspace.o(.bss) for __libspace_start
    _strtoul.o(.text) refers to _chval.o(.text) for _chval
    _strtoul.o(.text) refers to rt_errno_addr_intlibspace.o(.text) for __aeabi_errno_addr
    lc_ctype_c.o(locale$$data) refers (Special) to libinit2.o(.ARM.Collect$$libinit$$00000012) for __rt_lib_init_lc_ctype_2
    lc_ctype_c.o(locale$$code) refers (Special) to libinit2.o(.ARM.Collect$$libinit$$00000012) for __rt_lib_init_lc_ctype_2
    lc_ctype_c.o(locale$$code) refers to strcmpv7m.o(.text) for strcmp
    lc_ctype_c.o(locale$$code) refers to lc_ctype_c.o(locale$$data) for __lcctype_c_name
    sys_stackheap_outer.o(.text) refers to libspace.o(.text) for __user_perproc_libspace
    sys_stackheap_outer.o(.text) refers to startup_aducm360.o(.text) for __user_initial_stackheap
    exit.o(.text) refers to rtexit.o(.ARM.Collect$$rtexit$$00000000) for __rt_exit
    libinit.o(.ARM.Collect$$libinit$$00000000) refers (Special) to libinit2.o(.ARM.Collect$$libinit$$0000002E) for __rt_lib_init_alloca_1
    libinit.o(.ARM.Collect$$libinit$$00000000) refers (Special) to libinit2.o(.ARM.Collect$$libinit$$0000002C) for __rt_lib_init_argv_1
    libinit.o(.ARM.Collect$$libinit$$00000000) refers (Special) to libinit2.o(.ARM.Collect$$libinit$$0000001B) for __rt_lib_init_atexit_1
    libinit.o(.ARM.Collect$$libinit$$00000000) refers (Special) to libinit2.o(.ARM.Collect$$libinit$$00000021) for __rt_lib_init_clock_1
    libinit.o(.ARM.Collect$$libinit$$00000000) refers (Special) to libinit2.o(.ARM.Collect$$libinit$$00000032) for __rt_lib_init_cpp_1
    libinit.o(.ARM.Collect$$libinit$$00000000) refers (Special) to libinit2.o(.ARM.Collect$$libinit$$00000030) for __rt_lib_init_exceptions_1
    libinit.o(.ARM.Collect$$libinit$$00000000) refers (Special) to libinit2.o(.ARM.Collect$$libinit$$00000002) for __rt_lib_init_fp_1
    libinit.o(.ARM.Collect$$libinit$$00000000) refers (Special) to libinit2.o(.ARM.Collect$$libinit$$0000001F) for __rt_lib_init_fp_trap_1
    libinit.o(.ARM.Collect$$libinit$$00000000) refers (Special) to libinit2.o(.ARM.Collect$$libinit$$00000023) for __rt_lib_init_getenv_1
    libinit.o(.ARM.Collect$$libinit$$00000000) refers (Special) to libinit2.o(.ARM.Collect$$libinit$$0000000A) for __rt_lib_init_heap_1
    libinit.o(.ARM.Collect$$libinit$$00000000) refers (Special) to libinit2.o(.ARM.Collect$$libinit$$00000011) for __rt_lib_init_lc_collate_1
    libinit.o(.ARM.Collect$$libinit$$00000000) refers (Special) to libinit2.o(.ARM.Collect$$libinit$$00000013) for __rt_lib_init_lc_ctype_1
    libinit.o(.ARM.Collect$$libinit$$00000000) refers (Special) to libinit2.o(.ARM.Collect$$libinit$$00000015) for __rt_lib_init_lc_monetary_1
    libinit.o(.ARM.Collect$$libinit$$00000000) refers (Special) to libinit2.o(.ARM.Collect$$libinit$$00000017) for __rt_lib_init_lc_numeric_1
    libinit.o(.ARM.Collect$$libinit$$00000000) refers (Special) to libinit2.o(.ARM.Collect$$libinit$$00000019) for __rt_lib_init_lc_time_1
    libinit.o(.ARM.Collect$$libinit$$00000000) refers (Special) to libinit2.o(.ARM.Collect$$libinit$$00000004) for __rt_lib_init_preinit_1
    libinit.o(.ARM.Collect$$libinit$$00000000) refers (Special) to libinit2.o(.ARM.Collect$$libinit$$0000000E) for __rt_lib_init_rand_1
    libinit.o(.ARM.Collect$$libinit$$00000000) refers (Special) to libinit2.o(.ARM.Collect$$libinit$$00000033) for __rt_lib_init_return
    libinit.o(.ARM.Collect$$libinit$$00000000) refers (Special) to libinit2.o(.ARM.Collect$$libinit$$0000001D) for __rt_lib_init_signal_1
    libinit.o(.ARM.Collect$$libinit$$00000000) refers (Special) to libinit2.o(.ARM.Collect$$libinit$$00000025) for __rt_lib_init_stdio_1
    libinit.o(.ARM.Collect$$libinit$$00000000) refers (Special) to libinit2.o(.ARM.Collect$$libinit$$0000000C) for __rt_lib_init_user_alloc_1
    libinit2.o(.ARM.Collect$$libinit$$0000000F) refers (Weak) to rt_locale_intlibspace.o(.text) for __rt_locale
    libinit2.o(.ARM.Collect$$libinit$$00000010) refers to libinit2.o(.ARM.Collect$$libinit$$0000000F) for .ARM.Collect$$libinit$$0000000F
    libinit2.o(.ARM.Collect$$libinit$$00000012) refers to libinit2.o(.ARM.Collect$$libinit$$0000000F) for .ARM.Collect$$libinit$$0000000F
    libinit2.o(.ARM.Collect$$libinit$$00000012) refers (Weak) to lc_ctype_c.o(locale$$code) for _get_lc_ctype
    libinit2.o(.ARM.Collect$$libinit$$00000014) refers to libinit2.o(.ARM.Collect$$libinit$$0000000F) for .ARM.Collect$$libinit$$0000000F
    libinit2.o(.ARM.Collect$$libinit$$00000016) refers to libinit2.o(.ARM.Collect$$libinit$$0000000F) for .ARM.Collect$$libinit$$0000000F
    libinit2.o(.ARM.Collect$$libinit$$00000018) refers to libinit2.o(.ARM.Collect$$libinit$$0000000F) for .ARM.Collect$$libinit$$0000000F
    libinit2.o(.ARM.Collect$$libinit$$00000026) refers to argv_veneer.o(.emb_text) for __ARM_argv_veneer
    libinit2.o(.ARM.Collect$$libinit$$00000027) refers to argv_veneer.o(.emb_text) for __ARM_argv_veneer
    rtexit.o(.ARM.Collect$$rtexit$$00000000) refers (Special) to rtexit2.o(.ARM.Collect$$rtexit$$00000004) for __rt_exit_exit
    rtexit.o(.ARM.Collect$$rtexit$$00000000) refers (Special) to rtexit2.o(.ARM.Collect$$rtexit$$00000003) for __rt_exit_ls
    rtexit.o(.ARM.Collect$$rtexit$$00000000) refers (Special) to rtexit2.o(.ARM.Collect$$rtexit$$00000002) for __rt_exit_prels_1
    rtexit.o(.ARM.exidx) refers (Special) to rtexit2.o(.ARM.Collect$$rtexit$$00000004) for __rt_exit_exit
    rtexit.o(.ARM.exidx) refers (Special) to rtexit2.o(.ARM.Collect$$rtexit$$00000003) for __rt_exit_ls
    rtexit.o(.ARM.exidx) refers (Special) to rtexit2.o(.ARM.Collect$$rtexit$$00000002) for __rt_exit_prels_1
    rtexit.o(.ARM.exidx) refers to rtexit.o(.ARM.Collect$$rtexit$$00000000) for .ARM.Collect$$rtexit$$00000000
    argv_veneer.o(.emb_text) refers to no_argv.o(.text) for __ARM_get_argv
    rtexit2.o(.ARM.Collect$$rtexit$$00000003) refers to libshutdown.o(.ARM.Collect$$libshutdown$$00000000) for __rt_lib_shutdown
    rtexit2.o(.ARM.Collect$$rtexit$$00000004) refers to sys_exit.o(.text) for _sys_exit
    rtexit2.o(.ARM.exidx) refers to rtexit2.o(.ARM.Collect$$rtexit$$00000001) for .ARM.Collect$$rtexit$$00000001
    rtexit2.o(.ARM.exidx) refers to rtexit2.o(.ARM.Collect$$rtexit$$00000003) for .ARM.Collect$$rtexit$$00000003
    rtexit2.o(.ARM.exidx) refers to rtexit2.o(.ARM.Collect$$rtexit$$00000004) for .ARM.Collect$$rtexit$$00000004
    _get_argv_nomalloc.o(.text) refers (Special) to hrguard.o(.text) for __heap_region$guard
    _get_argv_nomalloc.o(.text) refers to defsig_rtmem_outer.o(.text) for __rt_SIGRTMEM
    _get_argv_nomalloc.o(.text) refers to sys_command.o(.text) for _sys_command_string
    sys_command.o(.text) refers (Special) to use_no_semi.o(.text) for __I$use$semihosting
    sys_command.o(.text) refers (Special) to indicate_semi.o(.text) for __semihosting_library_function
    sys_exit.o(.text) refers (Special) to use_no_semi.o(.text) for __I$use$semihosting
    sys_exit.o(.text) refers (Special) to indicate_semi.o(.text) for __semihosting_library_function
    defsig_rtmem_outer.o(.text) refers to defsig_rtmem_inner.o(.text) for __rt_SIGRTMEM_inner
    defsig_rtmem_outer.o(.text) refers to defsig_exit.o(.text) for __sig_exit
    defsig_rtmem_formal.o(.text) refers to rt_raise.o(.text) for __rt_raise
    libshutdown.o(.ARM.Collect$$libshutdown$$00000000) refers (Special) to libshutdown2.o(.ARM.Collect$$libshutdown$$00000002) for __rt_lib_shutdown_cpp_1
    libshutdown.o(.ARM.Collect$$libshutdown$$00000000) refers (Special) to libshutdown2.o(.ARM.Collect$$libshutdown$$00000007) for __rt_lib_shutdown_fp_trap_1
    libshutdown.o(.ARM.Collect$$libshutdown$$00000000) refers (Special) to libshutdown2.o(.ARM.Collect$$libshutdown$$0000000F) for __rt_lib_shutdown_heap_1
    libshutdown.o(.ARM.Collect$$libshutdown$$00000000) refers (Special) to libshutdown2.o(.ARM.Collect$$libshutdown$$00000010) for __rt_lib_shutdown_return
    libshutdown.o(.ARM.Collect$$libshutdown$$00000000) refers (Special) to libshutdown2.o(.ARM.Collect$$libshutdown$$0000000A) for __rt_lib_shutdown_signal_1
    libshutdown.o(.ARM.Collect$$libshutdown$$00000000) refers (Special) to libshutdown2.o(.ARM.Collect$$libshutdown$$00000004) for __rt_lib_shutdown_stdio_1
    libshutdown.o(.ARM.Collect$$libshutdown$$00000000) refers (Special) to libshutdown2.o(.ARM.Collect$$libshutdown$$0000000C) for __rt_lib_shutdown_user_alloc_1
    rt_raise.o(.text) refers to __raise.o(.text) for __raise
    rt_raise.o(.text) refers to sys_exit.o(.text) for _sys_exit
    defsig_exit.o(.text) refers to sys_exit.o(.text) for _sys_exit
    defsig_rtmem_inner.o(.text) refers to defsig_general.o(.text) for __default_signal_display
    __raise.o(.text) refers to defsig.o(CL$$defsig) for __default_signal_handler
    defsig_general.o(.text) refers to sys_wrch.o(.text) for _ttywrch
    sys_wrch.o(.text) refers (Special) to use_no_semi.o(.text) for __I$use$semihosting
    sys_wrch.o(.text) refers (Special) to indicate_semi.o(.text) for __semihosting_library_function
    defsig.o(CL$$defsig) refers to defsig_rtmem_inner.o(.text) for __rt_SIGRTMEM_inner
    defsig_abrt_inner.o(.text) refers to defsig_general.o(.text) for __default_signal_display
    defsig_fpe_inner.o(.text) refers to defsig_general.o(.text) for __default_signal_display
    defsig_rtred_inner.o(.text) refers to defsig_general.o(.text) for __default_signal_display
    defsig_stak_inner.o(.text) refers to defsig_general.o(.text) for __default_signal_display
    defsig_pvfn_inner.o(.text) refers to defsig_general.o(.text) for __default_signal_display
    defsig_cppl_inner.o(.text) refers to defsig_general.o(.text) for __default_signal_display
    defsig_segv_inner.o(.text) refers to defsig_general.o(.text) for __default_signal_display
    defsig_other.o(.text) refers to defsig_general.o(.text) for __default_signal_display


==============================================================================

Removing Unused input sections from the image.

    Removing jongsulib_v2.o(i.clear_bit), (20 bytes).
    Removing jongsulib_v2.o(i.get_bit), (22 bytes).
    Removing jongsulib_v2.o(i.poll_on_reset), (30 bytes).
    Removing jongsulib_v2.o(i.poll_on_set), (38 bytes).
    Removing jongsulib_v2.o(i.poll_on_set_limit), (46 bytes).
    Removing jongsulib_v2.o(i.read_mask), (14 bytes).
    Removing jongsulib_v2.o(i.read_reg), (10 bytes).
    Removing jongsulib_v2.o(i.set_bit), (20 bytes).
    Removing jongsulib_v2.o(i.write_mask), (30 bytes).
    Removing system_aducm360.o(.rev16_text), (4 bytes).
    Removing system_aducm360.o(.revsh_text), (4 bytes).
    Removing system_aducm360.o(.rrx_text), (6 bytes).
    Removing system_aducm360.o(i.SystemCoreClockUpdate), (16 bytes).
    Removing system_aducm360.o(.data), (4 bytes).

14 unused section(s) (total 264 bytes) removed from the image.

==============================================================================

Image Symbol Table

    Local Symbols

    Symbol Name                              Value     Ov Type        Size  Object(Section)

    RESET                                    0x00000000   Section      224  startup_aducm360.o(RESET)
    ../clib/angel/boardlib.s                 0x00000000   Number         0  boardinit1.o ABSOLUTE
    ../clib/angel/boardlib.s                 0x00000000   Number         0  boardinit2.o ABSOLUTE
    ../clib/angel/boardlib.s                 0x00000000   Number         0  boardinit3.o ABSOLUTE
    ../clib/angel/boardlib.s                 0x00000000   Number         0  boardshut.o ABSOLUTE
    ../clib/angel/handlers.s                 0x00000000   Number         0  __scatter_zi.o ABSOLUTE
    ../clib/angel/handlers.s                 0x00000000   Number         0  __scatter_copy.o ABSOLUTE
    ../clib/angel/kernel.s                   0x00000000   Number         0  rtexit2.o ABSOLUTE
    ../clib/angel/kernel.s                   0x00000000   Number         0  __rtentry.o ABSOLUTE
    ../clib/angel/kernel.s                   0x00000000   Number         0  __rtentry2.o ABSOLUTE
    ../clib/angel/kernel.s                   0x00000000   Number         0  rtexit.o ABSOLUTE
    ../clib/angel/kernel.s                   0x00000000   Number         0  __rtentry4.o ABSOLUTE
    ../clib/angel/rt.s                       0x00000000   Number         0  rt_locale.o ABSOLUTE
    ../clib/angel/rt.s                       0x00000000   Number         0  rt_raise.o ABSOLUTE
    ../clib/angel/rt.s                       0x00000000   Number         0  rt_errno_addr_intlibspace.o ABSOLUTE
    ../clib/angel/rt.s                       0x00000000   Number         0  rt_errno_addr.o ABSOLUTE
    ../clib/angel/rt.s                       0x00000000   Number         0  rt_ctype_table.o ABSOLUTE
    ../clib/angel/rt.s                       0x00000000   Number         0  rt_locale_intlibspace.o ABSOLUTE
    ../clib/angel/scatter.s                  0x00000000   Number         0  __scatter.o ABSOLUTE
    ../clib/angel/startup.s                  0x00000000   Number         0  __main.o ABSOLUTE
    ../clib/angel/sys.s                      0x00000000   Number         0  sys_stackheap_outer.o ABSOLUTE
    ../clib/angel/sys.s                      0x00000000   Number         0  use_no_semi.o ABSOLUTE
    ../clib/angel/sys.s                      0x00000000   Number         0  libspace.o ABSOLUTE
    ../clib/angel/sys.s                      0x00000000   Number         0  indicate_semi.o ABSOLUTE
    ../clib/angel/sysapp.c                   0x00000000   Number         0  sys_wrch.o ABSOLUTE
    ../clib/angel/sysapp.c                   0x00000000   Number         0  sys_exit.o ABSOLUTE
    ../clib/angel/sysapp.c                   0x00000000   Number         0  sys_command.o ABSOLUTE
    ../clib/armsys.c                         0x00000000   Number         0  argv_veneer.o ABSOLUTE
    ../clib/armsys.c                         0x00000000   Number         0  argv_veneer.o ABSOLUTE
    ../clib/armsys.c                         0x00000000   Number         0  _get_argv_nomalloc.o ABSOLUTE
    ../clib/armsys.c                         0x00000000   Number         0  no_argv.o ABSOLUTE
    ../clib/ctype.c                          0x00000000   Number         0  tolower.o ABSOLUTE
    ../clib/heapalloc.c                      0x00000000   Number         0  hrguard.o ABSOLUTE
    ../clib/heapaux.c                        0x00000000   Number         0  heapauxi.o ABSOLUTE
    ../clib/libinit.s                        0x00000000   Number         0  libshutdown2.o ABSOLUTE
    ../clib/libinit.s                        0x00000000   Number         0  libinit2.o ABSOLUTE
    ../clib/libinit.s                        0x00000000   Number         0  libinit.o ABSOLUTE
    ../clib/libinit.s                        0x00000000   Number         0  libshutdown.o ABSOLUTE
    ../clib/locale.s                         0x00000000   Number         0  lc_ctype_c.o ABSOLUTE
    ../clib/memcpset.s                       0x00000000   Number         0  strcmpv7m.o ABSOLUTE
    ../clib/memcpset.s                       0x00000000   Number         0  rt_memclr_w.o ABSOLUTE
    ../clib/scanf.c                          0x00000000   Number         0  _chval.o ABSOLUTE
    ../clib/scanf.c                          0x00000000   Number         0  _strtoul.o ABSOLUTE
    ../clib/scanf.c                          0x00000000   Number         0  atoi.o ABSOLUTE
    ../clib/scanf.c                          0x00000000   Number         0  strtol.o ABSOLUTE
    ../clib/signal.c                         0x00000000   Number         0  defsig_rtmem_outer.o ABSOLUTE
    ../clib/signal.c                         0x00000000   Number         0  defsig_rtmem_formal.o ABSOLUTE
    ../clib/signal.c                         0x00000000   Number         0  __raise.o ABSOLUTE
    ../clib/signal.c                         0x00000000   Number         0  defsig_rtmem_inner.o ABSOLUTE
    ../clib/signal.c                         0x00000000   Number         0  defsig_exit.o ABSOLUTE
    ../clib/signal.c                         0x00000000   Number         0  defsig_fpe_inner.o ABSOLUTE
    ../clib/signal.c                         0x00000000   Number         0  defsig_rtred_inner.o ABSOLUTE
    ../clib/signal.c                         0x00000000   Number         0  defsig_stak_inner.o ABSOLUTE
    ../clib/signal.c                         0x00000000   Number         0  defsig_pvfn_inner.o ABSOLUTE
    ../clib/signal.c                         0x00000000   Number         0  defsig_cppl_inner.o ABSOLUTE
    ../clib/signal.c                         0x00000000   Number         0  defsig_segv_inner.o ABSOLUTE
    ../clib/signal.c                         0x00000000   Number         0  defsig_other.o ABSOLUTE
    ../clib/signal.c                         0x00000000   Number         0  defsig_abrt_inner.o ABSOLUTE
    ../clib/signal.c                         0x00000000   Number         0  defsig_general.o ABSOLUTE
    ../clib/signal.s                         0x00000000   Number         0  defsig.o ABSOLUTE
    ../clib/stdlib.c                         0x00000000   Number         0  exit.o ABSOLUTE
    ../clib/string.c                         0x00000000   Number         0  strchr.o ABSOLUTE
    ../clib/string.c                         0x00000000   Number         0  strlen.o ABSOLUTE
    ../clib/string.c                         0x00000000   Number         0  strcpy.o ABSOLUTE
    ../fplib/fpinit.s                        0x00000000   Number         0  fpinit.o ABSOLUTE
    ADuCM360_Regs.c                          0x00000000   Number         0  aducm360_regs.o ABSOLUTE
    GPIOTEST.c                               0x00000000   Number         0  gpiotest.o ABSOLUTE
    Interrupt_UART_EX1.c                     0x00000000   Number         0  interrupt_uart_ex1.o ABSOLUTE
    JongSuLib_V2.c                           0x00000000   Number         0  jongsulib_v2.o ABSOLUTE
    Polling_UART_Ex1.c                       0x00000000   Number         0  polling_uart_ex1.o ABSOLUTE
    Polling_UART_Ex2.c                       0x00000000   Number         0  polling_uart_ex2.o ABSOLUTE
    RTE\Device\ADuCM360\startup_ADuCM360.s   0x00000000   Number         0  startup_aducm360.o ABSOLUTE
    RTE\Device\ADuCM360\system_ADuCM360.c    0x00000000   Number         0  system_aducm360.o ABSOLUTE
    RTE\\Device\\ADuCM360\\system_ADuCM360.c 0x00000000   Number         0  system_aducm360.o ABSOLUTE
    UART_INOUT_Example.c                     0x00000000   Number         0  uart_inout_example.o ABSOLUTE
    dc.s                                     0x00000000   Number         0  dc.o ABSOLUTE
    main.c                                   0x00000000   Number         0  main.o ABSOLUTE
    !!!main                                  0x000000e0   Section        8  __main.o(!!!main)
    !!!scatter                               0x000000e8   Section       52  __scatter.o(!!!scatter)
    !!handler_copy                           0x0000011c   Section       26  __scatter_copy.o(!!handler_copy)
    !!handler_zi                             0x00000138   Section       28  __scatter_zi.o(!!handler_zi)
    .ARM.Collect$$libinit$$00000000          0x00000154   Section        2  libinit.o(.ARM.Collect$$libinit$$00000000)
    .ARM.Collect$$libinit$$00000002          0x00000156   Section        0  libinit2.o(.ARM.Collect$$libinit$$00000002)
    .ARM.Collect$$libinit$$00000004          0x00000156   Section        0  libinit2.o(.ARM.Collect$$libinit$$00000004)
    .ARM.Collect$$libinit$$0000000A          0x00000156   Section        0  libinit2.o(.ARM.Collect$$libinit$$0000000A)
    .ARM.Collect$$libinit$$0000000C          0x00000156   Section        0  libinit2.o(.ARM.Collect$$libinit$$0000000C)
    .ARM.Collect$$libinit$$0000000E          0x00000156   Section        0  libinit2.o(.ARM.Collect$$libinit$$0000000E)
    .ARM.Collect$$libinit$$0000000F          0x00000156   Section        6  libinit2.o(.ARM.Collect$$libinit$$0000000F)
    .ARM.Collect$$libinit$$00000011          0x0000015c   Section        0  libinit2.o(.ARM.Collect$$libinit$$00000011)
    .ARM.Collect$$libinit$$00000012          0x0000015c   Section       12  libinit2.o(.ARM.Collect$$libinit$$00000012)
    .ARM.Collect$$libinit$$00000013          0x00000168   Section        0  libinit2.o(.ARM.Collect$$libinit$$00000013)
    .ARM.Collect$$libinit$$00000015          0x00000168   Section        0  libinit2.o(.ARM.Collect$$libinit$$00000015)
    .ARM.Collect$$libinit$$00000017          0x00000168   Section        0  libinit2.o(.ARM.Collect$$libinit$$00000017)
    .ARM.Collect$$libinit$$00000019          0x00000168   Section        0  libinit2.o(.ARM.Collect$$libinit$$00000019)
    .ARM.Collect$$libinit$$0000001B          0x00000168   Section        0  libinit2.o(.ARM.Collect$$libinit$$0000001B)
    .ARM.Collect$$libinit$$0000001D          0x00000168   Section        0  libinit2.o(.ARM.Collect$$libinit$$0000001D)
    .ARM.Collect$$libinit$$0000001F          0x00000168   Section        0  libinit2.o(.ARM.Collect$$libinit$$0000001F)
    .ARM.Collect$$libinit$$00000021          0x00000168   Section        0  libinit2.o(.ARM.Collect$$libinit$$00000021)
    .ARM.Collect$$libinit$$00000023          0x00000168   Section        0  libinit2.o(.ARM.Collect$$libinit$$00000023)
    .ARM.Collect$$libinit$$00000025          0x00000168   Section        0  libinit2.o(.ARM.Collect$$libinit$$00000025)
    .ARM.Collect$$libinit$$0000002C          0x00000168   Section        0  libinit2.o(.ARM.Collect$$libinit$$0000002C)
    .ARM.Collect$$libinit$$0000002E          0x00000168   Section        0  libinit2.o(.ARM.Collect$$libinit$$0000002E)
    .ARM.Collect$$libinit$$00000030          0x00000168   Section        0  libinit2.o(.ARM.Collect$$libinit$$00000030)
    .ARM.Collect$$libinit$$00000032          0x00000168   Section        0  libinit2.o(.ARM.Collect$$libinit$$00000032)
    .ARM.Collect$$libinit$$00000033          0x00000168   Section        2  libinit2.o(.ARM.Collect$$libinit$$00000033)
    .ARM.Collect$$libshutdown$$00000000      0x0000016a   Section        2  libshutdown.o(.ARM.Collect$$libshutdown$$00000000)
    .ARM.Collect$$libshutdown$$00000002      0x0000016c   Section        0  libshutdown2.o(.ARM.Collect$$libshutdown$$00000002)
    .ARM.Collect$$libshutdown$$00000004      0x0000016c   Section        0  libshutdown2.o(.ARM.Collect$$libshutdown$$00000004)
    .ARM.Collect$$libshutdown$$00000007      0x0000016c   Section        0  libshutdown2.o(.ARM.Collect$$libshutdown$$00000007)
    .ARM.Collect$$libshutdown$$0000000A      0x0000016c   Section        0  libshutdown2.o(.ARM.Collect$$libshutdown$$0000000A)
    .ARM.Collect$$libshutdown$$0000000C      0x0000016c   Section        0  libshutdown2.o(.ARM.Collect$$libshutdown$$0000000C)
    .ARM.Collect$$libshutdown$$0000000F      0x0000016c   Section        0  libshutdown2.o(.ARM.Collect$$libshutdown$$0000000F)
    .ARM.Collect$$libshutdown$$00000010      0x0000016c   Section        2  libshutdown2.o(.ARM.Collect$$libshutdown$$00000010)
    .ARM.Collect$$rtentry$$00000000          0x0000016e   Section        0  __rtentry.o(.ARM.Collect$$rtentry$$00000000)
    .ARM.Collect$$rtentry$$00000002          0x0000016e   Section        0  __rtentry2.o(.ARM.Collect$$rtentry$$00000002)
    .ARM.Collect$$rtentry$$00000004          0x0000016e   Section        6  __rtentry4.o(.ARM.Collect$$rtentry$$00000004)
    .ARM.Collect$$rtentry$$00000009          0x00000174   Section        0  __rtentry2.o(.ARM.Collect$$rtentry$$00000009)
    .ARM.Collect$$rtentry$$0000000A          0x00000174   Section        4  __rtentry2.o(.ARM.Collect$$rtentry$$0000000A)
    .ARM.Collect$$rtentry$$0000000C          0x00000178   Section        0  __rtentry2.o(.ARM.Collect$$rtentry$$0000000C)
    .ARM.Collect$$rtentry$$0000000D          0x00000178   Section        8  __rtentry2.o(.ARM.Collect$$rtentry$$0000000D)
    .ARM.Collect$$rtexit$$00000000           0x00000180   Section        2  rtexit.o(.ARM.Collect$$rtexit$$00000000)
    .ARM.Collect$$rtexit$$00000002           0x00000182   Section        0  rtexit2.o(.ARM.Collect$$rtexit$$00000002)
    .ARM.Collect$$rtexit$$00000003           0x00000182   Section        4  rtexit2.o(.ARM.Collect$$rtexit$$00000003)
    .ARM.Collect$$rtexit$$00000004           0x00000186   Section        6  rtexit2.o(.ARM.Collect$$rtexit$$00000004)
    .text                                    0x0000018c   Section       64  startup_aducm360.o(.text)
    .text                                    0x000001cc   Section        0  tolower.o(.text)
    .text                                    0x000001e6   Section        0  atoi.o(.text)
    .text                                    0x00000200   Section        0  strchr.o(.text)
    .text                                    0x00000214   Section        0  strcpy.o(.text)
    .text                                    0x0000025c   Section        0  strlen.o(.text)
    .text                                    0x0000029a   Section       78  rt_memclr_w.o(.text)
    .text                                    0x000002e8   Section        0  heapauxi.o(.text)
    .text                                    0x000002f0   Section       16  rt_ctype_table.o(.text)
    .text                                    0x00000300   Section        8  rt_errno_addr_intlibspace.o(.text)
    .text                                    0x00000308   Section        0  strtol.o(.text)
    .text                                    0x00000378   Section        8  libspace.o(.text)
    .text                                    0x00000380   Section        8  rt_locale_intlibspace.o(.text)
    .text                                    0x00000388   Section        0  _strtoul.o(.text)
    .text                                    0x00000426   Section       74  sys_stackheap_outer.o(.text)
    .text                                    0x00000470   Section        0  _chval.o(.text)
    .text                                    0x0000048c   Section        0  exit.o(.text)
    .text                                    0x000004a0   Section      128  strcmpv7m.o(.text)
    .text                                    0x00000520   Section        0  sys_exit.o(.text)
    .text                                    0x0000052c   Section        2  use_no_semi.o(.text)
    .text                                    0x0000052e   Section        0  indicate_semi.o(.text)
    i.DispMemData                            0x00000530   Section        0  jongsulib_v2.o(i.DispMemData)
    i.MemoryDump                             0x00000598   Section        0  jongsulib_v2.o(i.MemoryDump)
    i.MemorySet                              0x000006c2   Section        0  jongsulib_v2.o(i.MemorySet)
    i.SystemInit                             0x000007e8   Section        0  system_aducm360.o(i.SystemInit)
    i.do_div                                 0x0000080c   Section        0  jongsulib_v2.o(i.do_div)
    i.getc                                   0x00000828   Section        0  jongsulib_v2.o(i.getc)
    i.gets                                   0x0000084c   Section        0  jongsulib_v2.o(i.gets)
    i.hextoint                               0x000008a8   Section        0  jongsulib_v2.o(i.hextoint)
    i.main                                   0x00000900   Section        0  main.o(i.main)
    i.menu_display                           0x00000a34   Section        0  main.o(i.menu_display)
    i.number                                 0x00000b40   Section        0  jongsulib_v2.o(i.number)
    i.printf                                 0x00000c20   Section        0  jongsulib_v2.o(i.printf)
    i.putc                                   0x00000c44   Section        0  jongsulib_v2.o(i.putc)
    i.puts                                   0x00000c84   Section        0  jongsulib_v2.o(i.puts)
    i.sprintf                                0x00000c9a   Section        0  jongsulib_v2.o(i.sprintf)
    i.stoi                                   0x00000d2c   Section        0  jongsulib_v2.o(i.stoi)
    i.unsigned_divide                        0x00000dc6   Section        0  jongsulib_v2.o(i.unsigned_divide)
    i.write_reg                              0x00000e66   Section        0  jongsulib_v2.o(i.write_reg)
    locale$$code                             0x00000e70   Section       44  lc_ctype_c.o(locale$$code)
    .conststring                             0x00000e9c   Section      979  main.o(.conststring)
    locale$$data                             0x00001290   Section      272  lc_ctype_c.o(locale$$data)
    __lcctype_c_name                         0x00001294   Data           2  lc_ctype_c.o(locale$$data)
    __lcctype_c_start                        0x0000129c   Data           0  lc_ctype_c.o(locale$$data)
    __lcctype_c_end                          0x000013a0   Data           0  lc_ctype_c.o(locale$$data)
    .data                                    0x20000000   Section      188  aducm360_regs.o(.data)
    .data                                    0x200000bc   Section        3  jongsulib_v2.o(.data)
    .bss                                     0x200000c0   Section       96  libspace.o(.bss)
    HEAP                                     0x20000120   Section      512  startup_aducm360.o(HEAP)
    Heap_Mem                                 0x20000120   Data         512  startup_aducm360.o(HEAP)
    STACK                                    0x20000320   Section     1024  startup_aducm360.o(STACK)
    Stack_Mem                                0x20000320   Data        1024  startup_aducm360.o(STACK)
    __initial_sp                             0x20000720   Data           0  startup_aducm360.o(STACK)

    Global Symbols

    Symbol Name                              Value     Ov Type        Size  Object(Section)

    BuildAttributes$$THM_ISAv4$P$D$K$B$S$PE$A:L22UL41UL21$X:L11$S22US41US21$IEEE1$IW$USESV6$~STKCKD$USESV7$~SHL$OSPACE$ROPI$EBA8$UX$STANDARDLIB$REQ8$PRES8$EABIv2 0x00000000   Number         0  anon$$obj.o ABSOLUTE
    __ARM_use_no_argv                        0x00000000   Number         0  main.o ABSOLUTE
    __Vectors                                0x00000000   Data           4  startup_aducm360.o(RESET)
    __ARM_exceptions_init                     - Undefined Weak Reference
    __alloca_initialize                       - Undefined Weak Reference
    __arm_preinit_                            - Undefined Weak Reference
    __cpp_initialize__aeabi_                  - Undefined Weak Reference
    __cxa_finalize                            - Undefined Weak Reference
    __sigvec_lookup                           - Undefined Weak Reference
    _atexit_init                              - Undefined Weak Reference
    _call_atexit_fns                          - Undefined Weak Reference
    _clock_init                               - Undefined Weak Reference
    _fp_trap_init                             - Undefined Weak Reference
    _fp_trap_shutdown                         - Undefined Weak Reference
    _get_lc_collate                           - Undefined Weak Reference
    _get_lc_monetary                          - Undefined Weak Reference
    _get_lc_numeric                           - Undefined Weak Reference
    _get_lc_time                              - Undefined Weak Reference
    _getenv_init                              - Undefined Weak Reference
    _handle_redirection                       - Undefined Weak Reference
    _init_alloc                               - Undefined Weak Reference
    _init_user_alloc                          - Undefined Weak Reference
    _initio                                   - Undefined Weak Reference
    _rand_init                                - Undefined Weak Reference
    _signal_finish                            - Undefined Weak Reference
    _signal_init                              - Undefined Weak Reference
    _terminate_alloc                          - Undefined Weak Reference
    _terminate_user_alloc                     - Undefined Weak Reference
    _terminateio                              - Undefined Weak Reference
    __Vectors_End                            0x000000e0   Data           0  startup_aducm360.o(RESET)
    __Vectors_Size                           0x000000e0   Number         0  startup_aducm360.o ABSOLUTE
    __main                                   0x000000e1   Thumb Code     8  __main.o(!!!main)
    __scatterload                            0x000000e9   Thumb Code     0  __scatter.o(!!!scatter)
    __scatterload_rt2                        0x000000e9   Thumb Code    44  __scatter.o(!!!scatter)
    __scatterload_rt2_thumb_only             0x000000e9   Thumb Code     0  __scatter.o(!!!scatter)
    __scatterload_null                       0x000000f7   Thumb Code     0  __scatter.o(!!!scatter)
    __scatterload_copy                       0x0000011d   Thumb Code    26  __scatter_copy.o(!!handler_copy)
    __scatterload_zeroinit                   0x00000139   Thumb Code    28  __scatter_zi.o(!!handler_zi)
    __rt_lib_init                            0x00000155   Thumb Code     0  libinit.o(.ARM.Collect$$libinit$$00000000)
    __rt_lib_init_fp_1                       0x00000157   Thumb Code     0  libinit2.o(.ARM.Collect$$libinit$$00000002)
    __rt_lib_init_heap_1                     0x00000157   Thumb Code     0  libinit2.o(.ARM.Collect$$libinit$$0000000A)
    __rt_lib_init_lc_common                  0x00000157   Thumb Code     0  libinit2.o(.ARM.Collect$$libinit$$0000000F)
    __rt_lib_init_preinit_1                  0x00000157   Thumb Code     0  libinit2.o(.ARM.Collect$$libinit$$00000004)
    __rt_lib_init_rand_1                     0x00000157   Thumb Code     0  libinit2.o(.ARM.Collect$$libinit$$0000000E)
    __rt_lib_init_user_alloc_1               0x00000157   Thumb Code     0  libinit2.o(.ARM.Collect$$libinit$$0000000C)
    __rt_lib_init_lc_collate_1               0x0000015d   Thumb Code     0  libinit2.o(.ARM.Collect$$libinit$$00000011)
    __rt_lib_init_lc_ctype_2                 0x0000015d   Thumb Code     0  libinit2.o(.ARM.Collect$$libinit$$00000012)
    __rt_lib_init_alloca_1                   0x00000169   Thumb Code     0  libinit2.o(.ARM.Collect$$libinit$$0000002E)
    __rt_lib_init_argv_1                     0x00000169   Thumb Code     0  libinit2.o(.ARM.Collect$$libinit$$0000002C)
    __rt_lib_init_atexit_1                   0x00000169   Thumb Code     0  libinit2.o(.ARM.Collect$$libinit$$0000001B)
    __rt_lib_init_clock_1                    0x00000169   Thumb Code     0  libinit2.o(.ARM.Collect$$libinit$$00000021)
    __rt_lib_init_cpp_1                      0x00000169   Thumb Code     0  libinit2.o(.ARM.Collect$$libinit$$00000032)
    __rt_lib_init_exceptions_1               0x00000169   Thumb Code     0  libinit2.o(.ARM.Collect$$libinit$$00000030)
    __rt_lib_init_fp_trap_1                  0x00000169   Thumb Code     0  libinit2.o(.ARM.Collect$$libinit$$0000001F)
    __rt_lib_init_getenv_1                   0x00000169   Thumb Code     0  libinit2.o(.ARM.Collect$$libinit$$00000023)
    __rt_lib_init_lc_ctype_1                 0x00000169   Thumb Code     0  libinit2.o(.ARM.Collect$$libinit$$00000013)
    __rt_lib_init_lc_monetary_1              0x00000169   Thumb Code     0  libinit2.o(.ARM.Collect$$libinit$$00000015)
    __rt_lib_init_lc_numeric_1               0x00000169   Thumb Code     0  libinit2.o(.ARM.Collect$$libinit$$00000017)
    __rt_lib_init_lc_time_1                  0x00000169   Thumb Code     0  libinit2.o(.ARM.Collect$$libinit$$00000019)
    __rt_lib_init_return                     0x00000169   Thumb Code     0  libinit2.o(.ARM.Collect$$libinit$$00000033)
    __rt_lib_init_signal_1                   0x00000169   Thumb Code     0  libinit2.o(.ARM.Collect$$libinit$$0000001D)
    __rt_lib_init_stdio_1                    0x00000169   Thumb Code     0  libinit2.o(.ARM.Collect$$libinit$$00000025)
    __rt_lib_shutdown                        0x0000016b   Thumb Code     0  libshutdown.o(.ARM.Collect$$libshutdown$$00000000)
    __rt_lib_shutdown_cpp_1                  0x0000016d   Thumb Code     0  libshutdown2.o(.ARM.Collect$$libshutdown$$00000002)
    __rt_lib_shutdown_fp_trap_1              0x0000016d   Thumb Code     0  libshutdown2.o(.ARM.Collect$$libshutdown$$00000007)
    __rt_lib_shutdown_heap_1                 0x0000016d   Thumb Code     0  libshutdown2.o(.ARM.Collect$$libshutdown$$0000000F)
    __rt_lib_shutdown_return                 0x0000016d   Thumb Code     0  libshutdown2.o(.ARM.Collect$$libshutdown$$00000010)
    __rt_lib_shutdown_signal_1               0x0000016d   Thumb Code     0  libshutdown2.o(.ARM.Collect$$libshutdown$$0000000A)
    __rt_lib_shutdown_stdio_1                0x0000016d   Thumb Code     0  libshutdown2.o(.ARM.Collect$$libshutdown$$00000004)
    __rt_lib_shutdown_user_alloc_1           0x0000016d   Thumb Code     0  libshutdown2.o(.ARM.Collect$$libshutdown$$0000000C)
    __rt_entry                               0x0000016f   Thumb Code     0  __rtentry.o(.ARM.Collect$$rtentry$$00000000)
    __rt_entry_presh_1                       0x0000016f   Thumb Code     0  __rtentry2.o(.ARM.Collect$$rtentry$$00000002)
    __rt_entry_sh                            0x0000016f   Thumb Code     0  __rtentry4.o(.ARM.Collect$$rtentry$$00000004)
    __rt_entry_li                            0x00000175   Thumb Code     0  __rtentry2.o(.ARM.Collect$$rtentry$$0000000A)
    __rt_entry_postsh_1                      0x00000175   Thumb Code     0  __rtentry2.o(.ARM.Collect$$rtentry$$00000009)
    __rt_entry_main                          0x00000179   Thumb Code     0  __rtentry2.o(.ARM.Collect$$rtentry$$0000000D)
    __rt_entry_postli_1                      0x00000179   Thumb Code     0  __rtentry2.o(.ARM.Collect$$rtentry$$0000000C)
    __rt_exit                                0x00000181   Thumb Code     0  rtexit.o(.ARM.Collect$$rtexit$$00000000)
    __rt_exit_ls                             0x00000183   Thumb Code     0  rtexit2.o(.ARM.Collect$$rtexit$$00000003)
    __rt_exit_prels_1                        0x00000183   Thumb Code     0  rtexit2.o(.ARM.Collect$$rtexit$$00000002)
    __rt_exit_exit                           0x00000187   Thumb Code     0  rtexit2.o(.ARM.Collect$$rtexit$$00000004)
    Reset_Handler                            0x0000018d   Thumb Code     8  startup_aducm360.o(.text)
    NMI_Handler                              0x00000195   Thumb Code     2  startup_aducm360.o(.text)
    HardFault_Handler                        0x00000197   Thumb Code     2  startup_aducm360.o(.text)
    MemManage_Handler                        0x00000199   Thumb Code     2  startup_aducm360.o(.text)
    BusFault_Handler                         0x0000019b   Thumb Code     2  startup_aducm360.o(.text)
    UsageFault_Handler                       0x0000019d   Thumb Code     2  startup_aducm360.o(.text)
    SVC_Handler                              0x0000019f   Thumb Code     2  startup_aducm360.o(.text)
    DebugMon_Handler                         0x000001a1   Thumb Code     2  startup_aducm360.o(.text)
    PendSV_Handler                           0x000001a3   Thumb Code     2  startup_aducm360.o(.text)
    SysTick_Handler                          0x000001a5   Thumb Code     2  startup_aducm360.o(.text)
    ADC0_Int_Handler                         0x000001a7   Thumb Code     0  startup_aducm360.o(.text)
    ADC1_Int_Handler                         0x000001a7   Thumb Code     0  startup_aducm360.o(.text)
    DMA_ADC0_Int_Handler                     0x000001a7   Thumb Code     0  startup_aducm360.o(.text)
    DMA_ADC1_Int_Handler                     0x000001a7   Thumb Code     0  startup_aducm360.o(.text)
    DMA_DAC_Out_Int_Handler                  0x000001a7   Thumb Code     0  startup_aducm360.o(.text)
    DMA_Err_Int_Handler                      0x000001a7   Thumb Code     0  startup_aducm360.o(.text)
    DMA_I2C0_MRX_Int_Handler                 0x000001a7   Thumb Code     0  startup_aducm360.o(.text)
    DMA_I2C0_MTX_Int_Handler                 0x000001a7   Thumb Code     0  startup_aducm360.o(.text)
    DMA_I2C0_SRX_Int_Handler                 0x000001a7   Thumb Code     0  startup_aducm360.o(.text)
    DMA_I2C0_STX_Int_Handler                 0x000001a7   Thumb Code     0  startup_aducm360.o(.text)
    DMA_SINC2_Int_Handler                    0x000001a7   Thumb Code     0  startup_aducm360.o(.text)
    DMA_SPI1_RX_Int_Handler                  0x000001a7   Thumb Code     0  startup_aducm360.o(.text)
    DMA_SPI1_TX_Int_Handler                  0x000001a7   Thumb Code     0  startup_aducm360.o(.text)
    DMA_UART_RX_Int_Handler                  0x000001a7   Thumb Code     0  startup_aducm360.o(.text)
    DMA_UART_TX_Int_Handler                  0x000001a7   Thumb Code     0  startup_aducm360.o(.text)
    Ext_Int0_Handler                         0x000001a7   Thumb Code     0  startup_aducm360.o(.text)
    Ext_Int1_Handler                         0x000001a7   Thumb Code     0  startup_aducm360.o(.text)
    Ext_Int2_Handler                         0x000001a7   Thumb Code     0  startup_aducm360.o(.text)
    Ext_Int3_Handler                         0x000001a7   Thumb Code     0  startup_aducm360.o(.text)
    Ext_Int4_Handler                         0x000001a7   Thumb Code     0  startup_aducm360.o(.text)
    Ext_Int5_Handler                         0x000001a7   Thumb Code     0  startup_aducm360.o(.text)
    Ext_Int6_Handler                         0x000001a7   Thumb Code     0  startup_aducm360.o(.text)
    Ext_Int7_Handler                         0x000001a7   Thumb Code     0  startup_aducm360.o(.text)
    Flsh_Int_Handler                         0x000001a7   Thumb Code     0  startup_aducm360.o(.text)
    GP_Tmr0_Int_Handler                      0x000001a7   Thumb Code     0  startup_aducm360.o(.text)
    GP_Tmr1_Int_Handler                      0x000001a7   Thumb Code     0  startup_aducm360.o(.text)
    I2C0_Master_Int_Handler                  0x000001a7   Thumb Code     0  startup_aducm360.o(.text)
    I2C0_Slave_Int_Handler                   0x000001a7   Thumb Code     0  startup_aducm360.o(.text)
    PWM0_Int_Handler                         0x000001a7   Thumb Code     0  startup_aducm360.o(.text)
    PWM1_Int_Handler                         0x000001a7   Thumb Code     0  startup_aducm360.o(.text)
    PWM2_Int_Handler                         0x000001a7   Thumb Code     0  startup_aducm360.o(.text)
    PWMTRIP_Int_Handler                      0x000001a7   Thumb Code     0  startup_aducm360.o(.text)
    SINC2_Int_Handler                        0x000001a7   Thumb Code     0  startup_aducm360.o(.text)
    SPI0_Int_Handler                         0x000001a7   Thumb Code     0  startup_aducm360.o(.text)
    SPI1_Int_Handler                         0x000001a7   Thumb Code     0  startup_aducm360.o(.text)
    UART_Int_Handler                         0x000001a7   Thumb Code     0  startup_aducm360.o(.text)
    WDog_Tmr_Int_Handler                     0x000001a7   Thumb Code     0  startup_aducm360.o(.text)
    WakeUp_Int_Handler                       0x000001a7   Thumb Code     0  startup_aducm360.o(.text)
    __user_initial_stackheap                 0x000001a9   Thumb Code     0  startup_aducm360.o(.text)
    tolower                                  0x000001cd   Thumb Code    26  tolower.o(.text)
    atoi                                     0x000001e7   Thumb Code    26  atoi.o(.text)
    strchr                                   0x00000201   Thumb Code    20  strchr.o(.text)
    strcpy                                   0x00000215   Thumb Code    72  strcpy.o(.text)
    strlen                                   0x0000025d   Thumb Code    62  strlen.o(.text)
    __aeabi_memclr4                          0x0000029b   Thumb Code     0  rt_memclr_w.o(.text)
    __aeabi_memclr8                          0x0000029b   Thumb Code     0  rt_memclr_w.o(.text)
    __rt_memclr_w                            0x0000029b   Thumb Code    78  rt_memclr_w.o(.text)
    _memset_w                                0x0000029f   Thumb Code     0  rt_memclr_w.o(.text)
    __use_two_region_memory                  0x000002e9   Thumb Code     2  heapauxi.o(.text)
    __rt_heap_escrow$2region                 0x000002eb   Thumb Code     2  heapauxi.o(.text)
    __rt_heap_expand$2region                 0x000002ed   Thumb Code     2  heapauxi.o(.text)
    __rt_ctype_table                         0x000002f1   Thumb Code    16  rt_ctype_table.o(.text)
    __aeabi_errno_addr                       0x00000301   Thumb Code     8  rt_errno_addr_intlibspace.o(.text)
    __errno$intlibspace                      0x00000301   Thumb Code     0  rt_errno_addr_intlibspace.o(.text)
    __rt_errno_addr$intlibspace              0x00000301   Thumb Code     0  rt_errno_addr_intlibspace.o(.text)
    strtol                                   0x00000309   Thumb Code   112  strtol.o(.text)
    __user_libspace                          0x00000379   Thumb Code     8  libspace.o(.text)
    __user_perproc_libspace                  0x00000379   Thumb Code     0  libspace.o(.text)
    __user_perthread_libspace                0x00000379   Thumb Code     0  libspace.o(.text)
    __rt_locale                              0x00000381   Thumb Code     8  rt_locale_intlibspace.o(.text)
    _strtoul                                 0x00000389   Thumb Code   158  _strtoul.o(.text)
    __user_setup_stackheap                   0x00000427   Thumb Code    74  sys_stackheap_outer.o(.text)
    _chval                                   0x00000471   Thumb Code    28  _chval.o(.text)
    exit                                     0x0000048d   Thumb Code    18  exit.o(.text)
    strcmp                                   0x000004a1   Thumb Code   128  strcmpv7m.o(.text)
    _sys_exit                                0x00000521   Thumb Code     8  sys_exit.o(.text)
    __I$use$semihosting                      0x0000052d   Thumb Code     0  use_no_semi.o(.text)
    __use_no_semihosting_swi                 0x0000052d   Thumb Code     2  use_no_semi.o(.text)
    __semihosting_library_function           0x0000052f   Thumb Code     0  indicate_semi.o(.text)
    DispMemData                              0x00000531   Thumb Code    78  jongsulib_v2.o(i.DispMemData)
    MemoryDump                               0x00000599   Thumb Code   298  jongsulib_v2.o(i.MemoryDump)
    MemorySet                                0x000006c3   Thumb Code   294  jongsulib_v2.o(i.MemorySet)
    SystemInit                               0x000007e9   Thumb Code    22  system_aducm360.o(i.SystemInit)
    do_div                                   0x0000080d   Thumb Code    26  jongsulib_v2.o(i.do_div)
    getc                                     0x00000829   Thumb Code    26  jongsulib_v2.o(i.getc)
    gets                                     0x0000084d   Thumb Code    86  jongsulib_v2.o(i.gets)
    hextoint                                 0x000008a9   Thumb Code    86  jongsulib_v2.o(i.hextoint)
    main                                     0x00000901   Thumb Code   240  main.o(i.main)
    menu_display                             0x00000a35   Thumb Code   100  main.o(i.menu_display)
    number                                   0x00000b41   Thumb Code   142  jongsulib_v2.o(i.number)
    printf                                   0x00000c21   Thumb Code    36  jongsulib_v2.o(i.printf)
    putc                                     0x00000c45   Thumb Code    56  jongsulib_v2.o(i.putc)
    puts                                     0x00000c85   Thumb Code    22  jongsulib_v2.o(i.puts)
    sprintf                                  0x00000c9b   Thumb Code   146  jongsulib_v2.o(i.sprintf)
    stoi                                     0x00000d2d   Thumb Code   154  jongsulib_v2.o(i.stoi)
    unsigned_divide                          0x00000dc7   Thumb Code   160  jongsulib_v2.o(i.unsigned_divide)
    write_reg                                0x00000e67   Thumb Code    10  jongsulib_v2.o(i.write_reg)
    _get_lc_ctype                            0x00000e71   Thumb Code    44  lc_ctype_c.o(locale$$code)
    Region$$Table$$Base                      0x00001270   Number         0  anon$$obj.o(Region$$Table)
    Region$$Table$$Limit                     0x00001290   Number         0  anon$$obj.o(Region$$Table)
    __ctype                                  0x0000129d   Data           0  lc_ctype_c.o(locale$$data)
    pT3LD                                    0x20000000   Data           4  aducm360_regs.o(.data)
    pT3VAL                                   0x20000004   Data           4  aducm360_regs.o(.data)
    pT3CON                                   0x20000008   Data           4  aducm360_regs.o(.data)
    pT3CLRI                                  0x2000000c   Data           4  aducm360_regs.o(.data)
    pT3STA                                   0x20000010   Data           4  aducm360_regs.o(.data)
    pCLKCON0                                 0x20000014   Data           4  aducm360_regs.o(.data)
    pCLKCON1                                 0x20000018   Data           4  aducm360_regs.o(.data)
    pCLKDIS                                  0x2000001c   Data           4  aducm360_regs.o(.data)
    pXOSCCON                                 0x20000020   Data           4  aducm360_regs.o(.data)
    pCLKSYSDIV                               0x20000024   Data           4  aducm360_regs.o(.data)
    pGP0CON                                  0x20000028   Data           4  aducm360_regs.o(.data)
    pGP0OEN                                  0x2000002c   Data           4  aducm360_regs.o(.data)
    pGP0PUL                                  0x20000030   Data           4  aducm360_regs.o(.data)
    pGP0OCE                                  0x20000034   Data           4  aducm360_regs.o(.data)
    pGP0IN                                   0x20000038   Data           4  aducm360_regs.o(.data)
    pGP0OUT                                  0x2000003c   Data           4  aducm360_regs.o(.data)
    pGP0SET                                  0x20000040   Data           4  aducm360_regs.o(.data)
    pGP0CLR                                  0x20000044   Data           4  aducm360_regs.o(.data)
    pGP0TGL                                  0x20000048   Data           4  aducm360_regs.o(.data)
    pGP1CON                                  0x2000004c   Data           4  aducm360_regs.o(.data)
    pGP1OEN                                  0x20000050   Data           4  aducm360_regs.o(.data)
    pGP1PUL                                  0x20000054   Data           4  aducm360_regs.o(.data)
    pGP1OCE                                  0x20000058   Data           4  aducm360_regs.o(.data)
    pGP1IN                                   0x2000005c   Data           4  aducm360_regs.o(.data)
    pGP1OUT                                  0x20000060   Data           4  aducm360_regs.o(.data)
    pGP1SET                                  0x20000064   Data           4  aducm360_regs.o(.data)
    pGP1CLR                                  0x20000068   Data           4  aducm360_regs.o(.data)
    pGP1TGL                                  0x2000006c   Data           4  aducm360_regs.o(.data)
    pGP2CON                                  0x20000070   Data           4  aducm360_regs.o(.data)
    pGP2OEN                                  0x20000074   Data           4  aducm360_regs.o(.data)
    pGP2PUL                                  0x20000078   Data           4  aducm360_regs.o(.data)
    pGP2OCE                                  0x2000007c   Data           4  aducm360_regs.o(.data)
    pGP2IN                                   0x20000080   Data           4  aducm360_regs.o(.data)
    pGP2OUT                                  0x20000084   Data           4  aducm360_regs.o(.data)
    pGP2SET                                  0x20000088   Data           4  aducm360_regs.o(.data)
    pGP2CLR                                  0x2000008c   Data           4  aducm360_regs.o(.data)
    pGP2TGL                                  0x20000090   Data           4  aducm360_regs.o(.data)
    pCOMTX_RX                                0x20000094   Data           4  aducm360_regs.o(.data)
    pCOMIEN                                  0x20000098   Data           4  aducm360_regs.o(.data)
    pCOMIIR                                  0x2000009c   Data           4  aducm360_regs.o(.data)
    pCOMLCR                                  0x200000a0   Data           4  aducm360_regs.o(.data)
    pCOMMCR                                  0x200000a4   Data           4  aducm360_regs.o(.data)
    pCOMLSR                                  0x200000a8   Data           4  aducm360_regs.o(.data)
    pCOMMSR                                  0x200000ac   Data           4  aducm360_regs.o(.data)
    pCOMFBR                                  0x200000b0   Data           4  aducm360_regs.o(.data)
    pCOMDIV                                  0x200000b4   Data           4  aducm360_regs.o(.data)
    pCOMCON                                  0x200000b8   Data           4  aducm360_regs.o(.data)
    ucTxBufferEmpty                          0x200000bc   Data           1  jongsulib_v2.o(.data)
    ucWaitForUart                            0x200000bd   Data           1  jongsulib_v2.o(.data)
    GetStrTmp                                0x200000be   Data           1  jongsulib_v2.o(.data)
    __libspace_start                         0x200000c0   Data          96  libspace.o(.bss)
    __temporary_stack_top$libspace           0x20000120   Data           0  libspace.o(.bss)



==============================================================================

Memory Map of the image

  Image Entry point : 0x0000018d

  Load Region LR_1 (Base: 0x00000000, Size: 0x00001460, Max: 0xffffffff, ABSOLUTE)

    Execution Region ER_RO (Base: 0x00000000, Size: 0x000013a0, Max: 0xffffffff, ABSOLUTE)

    Base Addr    Size         Type   Attr      Idx    E Section Name        Object

    0x00000000   0x000000e0   Data   RO          228    RESET               startup_aducm360.o
    0x000000e0   0x00000008   Code   RO          302  * !!!main             c_w.l(__main.o)
    0x000000e8   0x00000034   Code   RO          482    !!!scatter          c_w.l(__scatter.o)
    0x0000011c   0x0000001a   Code   RO          484    !!handler_copy      c_w.l(__scatter_copy.o)
    0x00000136   0x00000002   PAD
    0x00000138   0x0000001c   Code   RO          486    !!handler_zi        c_w.l(__scatter_zi.o)
    0x00000154   0x00000002   Code   RO          355    .ARM.Collect$$libinit$$00000000  c_w.l(libinit.o)
    0x00000156   0x00000000   Code   RO          357    .ARM.Collect$$libinit$$00000002  c_w.l(libinit2.o)
    0x00000156   0x00000000   Code   RO          359    .ARM.Collect$$libinit$$00000004  c_w.l(libinit2.o)
    0x00000156   0x00000000   Code   RO          362    .ARM.Collect$$libinit$$0000000A  c_w.l(libinit2.o)
    0x00000156   0x00000000   Code   RO          364    .ARM.Collect$$libinit$$0000000C  c_w.l(libinit2.o)
    0x00000156   0x00000000   Code   RO          366    .ARM.Collect$$libinit$$0000000E  c_w.l(libinit2.o)
    0x00000156   0x00000006   Code   RO          367    .ARM.Collect$$libinit$$0000000F  c_w.l(libinit2.o)
    0x0000015c   0x00000000   Code   RO          369    .ARM.Collect$$libinit$$00000011  c_w.l(libinit2.o)
    0x0000015c   0x0000000c   Code   RO          370    .ARM.Collect$$libinit$$00000012  c_w.l(libinit2.o)
    0x00000168   0x00000000   Code   RO          371    .ARM.Collect$$libinit$$00000013  c_w.l(libinit2.o)
    0x00000168   0x00000000   Code   RO          373    .ARM.Collect$$libinit$$00000015  c_w.l(libinit2.o)
    0x00000168   0x00000000   Code   RO          375    .ARM.Collect$$libinit$$00000017  c_w.l(libinit2.o)
    0x00000168   0x00000000   Code   RO          377    .ARM.Collect$$libinit$$00000019  c_w.l(libinit2.o)
    0x00000168   0x00000000   Code   RO          379    .ARM.Collect$$libinit$$0000001B  c_w.l(libinit2.o)
    0x00000168   0x00000000   Code   RO          381    .ARM.Collect$$libinit$$0000001D  c_w.l(libinit2.o)
    0x00000168   0x00000000   Code   RO          383    .ARM.Collect$$libinit$$0000001F  c_w.l(libinit2.o)
    0x00000168   0x00000000   Code   RO          385    .ARM.Collect$$libinit$$00000021  c_w.l(libinit2.o)
    0x00000168   0x00000000   Code   RO          387    .ARM.Collect$$libinit$$00000023  c_w.l(libinit2.o)
    0x00000168   0x00000000   Code   RO          389    .ARM.Collect$$libinit$$00000025  c_w.l(libinit2.o)
    0x00000168   0x00000000   Code   RO          393    .ARM.Collect$$libinit$$0000002C  c_w.l(libinit2.o)
    0x00000168   0x00000000   Code   RO          395    .ARM.Collect$$libinit$$0000002E  c_w.l(libinit2.o)
    0x00000168   0x00000000   Code   RO          397    .ARM.Collect$$libinit$$00000030  c_w.l(libinit2.o)
    0x00000168   0x00000000   Code   RO          399    .ARM.Collect$$libinit$$00000032  c_w.l(libinit2.o)
    0x00000168   0x00000002   Code   RO          400    .ARM.Collect$$libinit$$00000033  c_w.l(libinit2.o)
    0x0000016a   0x00000002   Code   RO          430    .ARM.Collect$$libshutdown$$00000000  c_w.l(libshutdown.o)
    0x0000016c   0x00000000   Code   RO          441    .ARM.Collect$$libshutdown$$00000002  c_w.l(libshutdown2.o)
    0x0000016c   0x00000000   Code   RO          443    .ARM.Collect$$libshutdown$$00000004  c_w.l(libshutdown2.o)
    0x0000016c   0x00000000   Code   RO          446    .ARM.Collect$$libshutdown$$00000007  c_w.l(libshutdown2.o)
    0x0000016c   0x00000000   Code   RO          449    .ARM.Collect$$libshutdown$$0000000A  c_w.l(libshutdown2.o)
    0x0000016c   0x00000000   Code   RO          451    .ARM.Collect$$libshutdown$$0000000C  c_w.l(libshutdown2.o)
    0x0000016c   0x00000000   Code   RO          454    .ARM.Collect$$libshutdown$$0000000F  c_w.l(libshutdown2.o)
    0x0000016c   0x00000002   Code   RO          455    .ARM.Collect$$libshutdown$$00000010  c_w.l(libshutdown2.o)
    0x0000016e   0x00000000   Code   RO          304    .ARM.Collect$$rtentry$$00000000  c_w.l(__rtentry.o)
    0x0000016e   0x00000000   Code   RO          318    .ARM.Collect$$rtentry$$00000002  c_w.l(__rtentry2.o)
    0x0000016e   0x00000006   Code   RO          330    .ARM.Collect$$rtentry$$00000004  c_w.l(__rtentry4.o)
    0x00000174   0x00000000   Code   RO          320    .ARM.Collect$$rtentry$$00000009  c_w.l(__rtentry2.o)
    0x00000174   0x00000004   Code   RO          321    .ARM.Collect$$rtentry$$0000000A  c_w.l(__rtentry2.o)
    0x00000178   0x00000000   Code   RO          323    .ARM.Collect$$rtentry$$0000000C  c_w.l(__rtentry2.o)
    0x00000178   0x00000008   Code   RO          324    .ARM.Collect$$rtentry$$0000000D  c_w.l(__rtentry2.o)
    0x00000180   0x00000002   Code   RO          401    .ARM.Collect$$rtexit$$00000000  c_w.l(rtexit.o)
    0x00000182   0x00000000   Code   RO          408    .ARM.Collect$$rtexit$$00000002  c_w.l(rtexit2.o)
    0x00000182   0x00000004   Code   RO          409    .ARM.Collect$$rtexit$$00000003  c_w.l(rtexit2.o)
    0x00000186   0x00000006   Code   RO          410    .ARM.Collect$$rtexit$$00000004  c_w.l(rtexit2.o)
    0x0000018c   0x00000040   Code   RO          229  * .text               startup_aducm360.o
    0x000001cc   0x0000001a   Code   RO          288    .text               c_w.l(tolower.o)
    0x000001e6   0x0000001a   Code   RO          290    .text               c_w.l(atoi.o)
    0x00000200   0x00000014   Code   RO          292    .text               c_w.l(strchr.o)
    0x00000214   0x00000048   Code   RO          294    .text               c_w.l(strcpy.o)
    0x0000025c   0x0000003e   Code   RO          296    .text               c_w.l(strlen.o)
    0x0000029a   0x0000004e   Code   RO          298    .text               c_w.l(rt_memclr_w.o)
    0x000002e8   0x00000006   Code   RO          300    .text               c_w.l(heapauxi.o)
    0x000002ee   0x00000002   PAD
    0x000002f0   0x00000010   Code   RO          305    .text               c_w.l(rt_ctype_table.o)
    0x00000300   0x00000008   Code   RO          310    .text               c_w.l(rt_errno_addr_intlibspace.o)
    0x00000308   0x00000070   Code   RO          312    .text               c_w.l(strtol.o)
    0x00000378   0x00000008   Code   RO          314    .text               c_w.l(libspace.o)
    0x00000380   0x00000008   Code   RO          335    .text               c_w.l(rt_locale_intlibspace.o)
    0x00000388   0x0000009e   Code   RO          337    .text               c_w.l(_strtoul.o)
    0x00000426   0x0000004a   Code   RO          342    .text               c_w.l(sys_stackheap_outer.o)
    0x00000470   0x0000001c   Code   RO          344    .text               c_w.l(_chval.o)
    0x0000048c   0x00000012   Code   RO          346    .text               c_w.l(exit.o)
    0x0000049e   0x00000002   PAD
    0x000004a0   0x00000080   Code   RO          348    .text               c_w.l(strcmpv7m.o)
    0x00000520   0x0000000c   Code   RO          420    .text               c_w.l(sys_exit.o)
    0x0000052c   0x00000002   Code   RO          431    .text               c_w.l(use_no_semi.o)
    0x0000052e   0x00000000   Code   RO          433    .text               c_w.l(indicate_semi.o)
    0x0000052e   0x00000002   PAD
    0x00000530   0x00000068   Code   RO           63    i.DispMemData       jongsulib_v2.o
    0x00000598   0x0000012a   Code   RO           64    i.MemoryDump        jongsulib_v2.o
    0x000006c2   0x00000126   Code   RO           65    i.MemorySet         jongsulib_v2.o
    0x000007e8   0x00000024   Code   RO          238    i.SystemInit        system_aducm360.o
    0x0000080c   0x0000001a   Code   RO           67    i.do_div            jongsulib_v2.o
    0x00000826   0x00000002   PAD
    0x00000828   0x00000024   Code   RO           69    i.getc              jongsulib_v2.o
    0x0000084c   0x0000005c   Code   RO           70    i.gets              jongsulib_v2.o
    0x000008a8   0x00000056   Code   RO           71    i.hextoint          jongsulib_v2.o
    0x000008fe   0x00000002   PAD
    0x00000900   0x00000134   Code   RO            1    i.main              main.o
    0x00000a34   0x0000010c   Code   RO            2    i.menu_display      main.o
    0x00000b40   0x000000e0   Code   RO           72    i.number            jongsulib_v2.o
    0x00000c20   0x00000024   Code   RO           76    i.printf            jongsulib_v2.o
    0x00000c44   0x00000040   Code   RO           77    i.putc              jongsulib_v2.o
    0x00000c84   0x00000016   Code   RO           78    i.puts              jongsulib_v2.o
    0x00000c9a   0x00000092   Code   RO           82    i.sprintf           jongsulib_v2.o
    0x00000d2c   0x0000009a   Code   RO           83    i.stoi              jongsulib_v2.o
    0x00000dc6   0x000000a0   Code   RO           84    i.unsigned_divide   jongsulib_v2.o
    0x00000e66   0x0000000a   Code   RO           86    i.write_reg         jongsulib_v2.o
    0x00000e70   0x0000002c   Code   RO          340    locale$$code        c_w.l(lc_ctype_c.o)
    0x00000e9c   0x000003d3   Data   RO            3    .conststring        main.o
    0x0000126f   0x00000001   PAD
    0x00001270   0x00000020   Data   RO          480    Region$$Table       anon$$obj.o
    0x00001290   0x00000110   Data   RO          339    locale$$data        c_w.l(lc_ctype_c.o)


    Execution Region ER_RW (Base: 0x20000000, Size: 0x000000c0, Max: 0xffffffff, ABSOLUTE)

    Base Addr    Size         Type   Attr      Idx    E Section Name        Object

    0x20000000   0x000000bc   Data   RW           39    .data               aducm360_regs.o
    0x200000bc   0x00000003   Data   RW           87    .data               jongsulib_v2.o


    Execution Region ER_ZI (Base: 0x200000c0, Size: 0x00000660, Max: 0xffffffff, ABSOLUTE)

    Base Addr    Size         Type   Attr      Idx    E Section Name        Object

    0x200000c0   0x00000060   Zero   RW          315    .bss                c_w.l(libspace.o)
    0x20000120   0x00000200   Zero   RW          227    HEAP                startup_aducm360.o
    0x20000320   0x00000400   Zero   RW          226    STACK               startup_aducm360.o


==============================================================================

Image component sizes


      Code (inc. data)   RO Data    RW Data    ZI Data      Debug   Object Name

         0          0          0        188          0       1978   aducm360_regs.o
      1752        132          0          3          0      10398   jongsulib_v2.o
       576        236        979          0          0       6162   main.o
        64         26        224          0       1536        816   startup_aducm360.o
        36         14          0          0          0        429   system_aducm360.o

    ----------------------------------------------------------------------
      2432        408       1236        192       1536      19783   Object Totals
         0          0         32          0          0          0   (incl. Generated)
         4          0          1          1          0          0   (incl. Padding)

    ----------------------------------------------------------------------

      Code (inc. data)   RO Data    RW Data    ZI Data      Debug   Library Member Name

         8          0          0          0          0         68   __main.o
         0          0          0          0          0          0   __rtentry.o
        12          0          0          0          0          0   __rtentry2.o
         6          0          0          0          0          0   __rtentry4.o
        52          8          0          0          0          0   __scatter.o
        26          0          0          0          0          0   __scatter_copy.o
        28          0          0          0          0          0   __scatter_zi.o
        28          0          0          0          0         68   _chval.o
       158          0          0          0          0         92   _strtoul.o
        26          0          0          0          0         80   atoi.o
        18          0          0          0          0         80   exit.o
         6          0          0          0          0        152   heapauxi.o
         0          0          0          0          0          0   indicate_semi.o
        44         10        272          0          0         76   lc_ctype_c.o
         2          0          0          0          0          0   libinit.o
        20          0          0          0          0          0   libinit2.o
         2          0          0          0          0          0   libshutdown.o
         2          0          0          0          0          0   libshutdown2.o
         8          4          0          0         96         68   libspace.o
        16          4          0          0          0         76   rt_ctype_table.o
         8          4          0          0          0         68   rt_errno_addr_intlibspace.o
         8          4          0          0          0         68   rt_locale_intlibspace.o
        78          0          0          0          0         80   rt_memclr_w.o
         2          0          0          0          0          0   rtexit.o
        10          0          0          0          0          0   rtexit2.o
        20          0          0          0          0         68   strchr.o
       128          0          0          0          0         68   strcmpv7m.o
        72          0          0          0          0         80   strcpy.o
        62          0          0          0          0         76   strlen.o
       112          0          0          0          0         88   strtol.o
        12          4          0          0          0         68   sys_exit.o
        74          0          0          0          0         80   sys_stackheap_outer.o
        26          0          0          0          0         76   tolower.o
         2          0          0          0          0         68   use_no_semi.o

    ----------------------------------------------------------------------
      1084         38        272          0         96       1648   Library Totals
         8          0          0          0          0          0   (incl. Padding)

    ----------------------------------------------------------------------

      Code (inc. data)   RO Data    RW Data    ZI Data      Debug   Library Name

      1076         38        272          0         96       1648   c_w.l

    ----------------------------------------------------------------------
      1084         38        272          0         96       1648   Library Totals

    ----------------------------------------------------------------------

==============================================================================


      Code (inc. data)   RO Data    RW Data    ZI Data      Debug   

      3516        446       1508        192       1632      19763   Grand Totals
      3516        446       1508        192       1632      19763   ELF Image Totals
      3516        446       1508        192          0          0   ROM Totals

==============================================================================

    Total RO  Size (Code + RO Data)                 5024 (   4.91kB)
    Total RW  Size (RW Data + ZI Data)              1824 (   1.78kB)
    Total ROM Size (Code + RO Data + RW Data)       5216 (   5.09kB)

==============================================================================

